// Jest Snapshot v1, https://goo.gl/fbAQLP

exports[`renders correctly 1`] = `
<div
  className="container"
>
  <div
    className="row"
  >
    <div
      className="col"
    >
      <h2>
        My Rockets
      </h2>
      <div
        className="mt-4 list-group"
        onKeyDown={[Function]}
      />
    </div>
    <div
      className="col"
    >
      <h2>
        My Missions
      </h2>
      <div
        className="mt-4 list-group"
        onKeyDown={[Function]}
      />
    </div>
  </div>
</div>
`;
